---
source: oxker-tui/tests/comprehensive_snapshot_tests.rs
expression: "render_component(&logs_panel, &props, 80, 15)"
---
┌ Logs 0/0 ────────────────────────────────────────────────────────────────────┐
│                                 no logs found                                │
│                                                                              │
│                                                                              │
│                                                                              │
│                                                                              │
│                                                                              │
│                                                                              │
│                                                                              │
│                                                                              │
│                                                                              │
│                                                                              │
│                                                                              │
│                                                                              │
└──────────────────────────────────────────────────────────────────────────────┘
