---
source: oxker-tui/tests/comprehensive_snapshot_tests.rs
expression: output
---
 Esc  clear  ← by →   Name  Image  Status  All  term: web                                                               
                                                                                                        ( h ) show help 
                                                                                                                        
┌ Containers ──────────────────────────────────────────────────────────────────────────────────────────────────────────┐
│nginx-web ✓ running Up 1 hour 25.50% 0.00 kB / 1.07 GB   abc123 test_image:latest 0.00 kB 0.00 kB                     │
│                                                                                                                      │
│                                                                                                                      │
│                                                                                                                      │
│                                                                                                                      │
│                                                                                                                      │
│                                                                                                                      │
│                                                                                                                      │
└──────────────────────────────────────────────────────────────────────────────────────────────────────────────────────┘
╭─────────────────────── cpu 26.00% ───────────────────────╮╭──────────────────── memory 123.73 MB ────────────────────╮
│30.00%│                   ••••••••••••••••••••••••••••••••││131.07 MB│      ••••••••••••••••••••••••••••••••••••••••••│
│      │       ••••••••••••                                ││         │••••••                                          │
│      │•••••••                                            ││         │                                                │
│      │                                                   ││         │                                                │
│      │                                                   ││         │                                                │
│      │                                                   ││         │                                                │
│      │                                                   ││         │                                                │
│      │                                                   ││         │                                                │
╰──────────────────────────────────────────────────────────╯╰──────────────────────────────────────────────────────────╯
┌ Logs ────────────────────────────────────────────────────────────────────────────────────────────────────────────────┐
│→ [10:00:00] Starting application...                                                                                  │
│  [10:00:01] Server listening on port 80                                                                              │
│  [10:00:02] Ready to accept connections                                                                              │
│                                                                                                                      │
│                                                                                                                      │
│                                                                                                                      │
│                                                                                                                      │
│                                                                                                                      │
│                                                                                                                      │
│                                                                                                                      │
│                                                                                                                      │
│                                                                                                                      │
│                                                                                                                      │
│                                                                                                                      │
│                                                                                                                      │
└──────────────────────────────────────────────────────────────────────────────────────────────────────────────────────┘
