---
source: oxker-tui/tests/ui_regression_tests.rs
expression: output
---
                                                                                
                   ╭──────────────── Error ─────────────────╮                   
                   │                                        │                   
                   │   IO error with: Container not found   │                   
                   │                                        │                   
                   │         ( c | esc ) clear error        │                   
                   │                                        │                   
                   │             ( q ) quit oxker           │                   
                   │                                        │                   
                   ╰────────────────────────────────────────╯
